======================
firs commit

Second commit

gIT COMMIT FROM BRANC

git commit from branch 2
========================

$ git config --global user.name"santhosh"
$ git config --global user.email santhosh.your@gmail.com
$ git config --list
core.symlinks=false
core.autocrlf=true
core.fscache=true
color.diff=auto
color.status=auto
color.branch=auto
color.interactive=true
help.format=html
rebase.autosquash=true
http.sslbackend=openssl
http.sslcainfo=C:/Program Files/Git/mingw64/ssl/certs/ca-bundle.crt
user.email=santhosh.your@gmail.com
user.name=santhosh kumar
user.password=mytest

$ git clone https://github.com/santhoshkumarjs/workPlace.git
Cloning into 'workPlace'...
remote: Enumerating objects: 3, done.
remote: Counting objects: 100% (3/3), done.
remote: Total 3 (delta 0), reused 0 (delta 0), pack-reused 0
Unpacking objects: 100% (3/3), done.


$ git remote -v
origin  https://github.com/santhoshkumarjs/workPlace.git (fetch)
origin  https://github.com/santhoshkumarjs/workPlace.git (push)

$ git status
On branch master
Your branch is up to date with 'origin/master'.


Administrator@RSK-PC MINGW64 /e/workPlace (master)
$ git status
On branch master
Your branch is up to date with 'origin/master'.

Changes to be committed:
  (use "git reset HEAD <file>..." to unstage)

        new file:   chat


Administrator@RSK-PC MINGW64 /e/workPlace (master)
$ git commit -a -m "first commit"
[master a8efe2e] first commit
 1 file changed, 1 insertion(+)
 create mode 160000 chat

Administrator@RSK-PC MINGW64 /e/workPlace (master)
$ git status
On branch master
Your branch is ahead of 'origin/master' by 1 commit.
  (use "git push" to publish your local commits)

nothing to commit, working tree clean

Administrator@RSK-PC MINGW64 /e/workPlace (master)
$ git pull origin
Already up to date.

Administrator@RSK-PC MINGW64 /e/workPlace (master)
$ git push origin
Username for 'https://github.com': santhosh.your@gmail.com
Enumerating objects: 3, done.
Counting objects: 100% (3/3), done.
Delta compression using up to 2 threads
Compressing objects: 100% (2/2), done.
Writing objects: 100% (2/2), 269 bytes | 269.00 KiB/s, done.
Total 2 (delta 0), reused 0 (delta 0)
To https://github.com/santhoshkumarjs/workPlace.git
   c0b8dee..a8efe2e  master -> master

Administrator@RSK-PC MINGW64 /e/workPlace (master)
$ git status
On branch master
Your branch is up to date with 'origin/master'.

nothing to commit, working tree clean

Administrator@RSK-PC MINGW64 /e/workPlace (master)
$ git log
commit a8efe2eaf1abeec287d1ada6a9724398ecea9b70 (HEAD -> master, origin/master, origin/HEAD)
Author: santhosh kumar <santhosh.your@gmail.com>
Date:   Thu Jun 6 22:34:07 2019 +0530

    first commit

commit c0b8dee7a1c3c843e571524393ed941b18a8bb87
Author: santhosh kumar s <santhosh.your@gmail.com>
Date:   Thu Jun 6 22:28:14 2019 +0530

    Initial commit

Administrator@RSK-PC MINGW64 /e/workPlace (master)
$ git history
git: 'history' is not a git command. See 'git --help'.

Administrator@RSK-PC MINGW64 /e/workPlace (master)
$ git branch chatV1

Administrator@RSK-PC MINGW64 /e/workPlace (master)
$ git branch list

Administrator@RSK-PC MINGW64 /e/workPlace (master)
$ git branch
  chatV1
  list
* master

Administrator@RSK-PC MINGW64 /e/workPlace (master)
$ git checkout chatV1
Switched to branch 'chatV1'

Administrator@RSK-PC MINGW64 /e/workPlace (chatV1)
$ git checkout master
Switched to branch 'master'
Your branch is up to date with 'origin/master'.

Administrator@RSK-PC MINGW64 /e/workPlace (master)
$ git pull
remote: Enumerating objects: 5, done.
remote: Counting objects: 100% (5/5), done.
remote: Compressing objects: 100% (2/2), done.
remote: Total 3 (delta 0), reused 0 (delta 0), pack-reused 0
Unpacking objects: 100% (3/3), done.
From https://github.com/santhoshkumarjs/workPlace
   a8efe2e..e4ae6d5  master     -> origin/master
Updating a8efe2e..e4ae6d5
Fast-forward
 README.md | 1 +
 1 file changed, 1 insertion(+)

Administrator@RSK-PC MINGW64 /e/workPlace (master)
$ git checkout chatV1
Switched to branch 'chatV1'

Administrator@RSK-PC MINGW64 /e/workPlace (chatV1)
$ git pull
There is no tracking information for the current branch.
Please specify which branch you want to merge with.
See git-pull(1) for details.

    git pull <remote> <branch>

If you wish to set tracking information for this branch you can do so with:

    git branch --set-upstream-to=origin/<branch> chatV1



Administrator@RSK-PC MINGW64 /e/workPlace (chatV1)
$ git branch --set-upstream-to=origin/master chatV1
Branch 'chatV1' set up to track remote branch 'master' from 'origin'.

Administrator@RSK-PC MINGW64 /e/workPlace (chatV1)
$ git pull
Updating a8efe2e..e4ae6d5
Fast-forward
 README.md | 1 +
 1 file changed, 1 insertion(+)

Administrator@RSK-PC MINGW64 /e/workPlace (chatV1)
$ git status
On branch chatV1
Your branch is up to date with 'origin/master'.

Changes not staged for commit:
  (use "git add <file>..." to update what will be committed)
  (use "git checkout -- <file>..." to discard changes in working directory)

        modified:   README.md

no changes added to commit (use "git add" and/or "git commit -a")

Administrator@RSK-PC MINGW64 /e/workPlace (chatV1)
$ git add .

Administrator@RSK-PC MINGW64 /e/workPlace (chatV1)
$ git commit -a -m "commit from branch"
[chatV1 a96a61f] commit from branch
 1 file changed, 1 insertion(+)

Administrator@RSK-PC MINGW64 /e/workPlace (chatV1)
$ git pull
Already up to date.

Administrator@RSK-PC MINGW64 /e/workPlace (chatV1)
$ git push origin HEAD
Username for 'https://github.com': santhosh.your@gmail.com
Enumerating objects: 5, done.
Counting objects: 100% (5/5), done.
Delta compression using up to 2 threads
Compressing objects: 100% (3/3), done.
Writing objects: 100% (3/3), 336 bytes | 168.00 KiB/s, done.
Total 3 (delta 0), reused 0 (delta 0)
remote:
remote: Create a pull request for 'chatV1' on GitHub by visiting:
remote:      https://github.com/santhoshkumarjs/workPlace/pull/new/chatV1
remote:
To https://github.com/santhoshkumarjs/workPlace.git
 * [new branch]      HEAD -> chatV1

Administrator@RSK-PC MINGW64 /e/workPlace (chatV1)
$ git pull
Already up to date.

Administrator@RSK-PC MINGW64 /e/workPlace (chatV1)
$ git master
git: 'master' is not a git command. See 'git --help'.

Administrator@RSK-PC MINGW64 /e/workPlace (chatV1)
$ git checkout master
Switched to branch 'master'
Your branch is up to date with 'origin/master'.

Administrator@RSK-PC MINGW64 /e/workPlace (master)
$ git pull
Already up to date.

Administrator@RSK-PC MINGW64 /e/workPlace (master)
$ git merge chatV1
Updating e4ae6d5..a96a61f
Fast-forward
 README.md | 1 +
 1 file changed, 1 insertion(+)

Administrator@RSK-PC MINGW64 /e/workPlace (master)
$ git history
git: 'history' is not a git command. See 'git --help'.

Administrator@RSK-PC MINGW64 /e/workPlace (master)
$ git checkout chatV1
Switched to branch 'chatV1'
Your branch is ahead of 'origin/master' by 1 commit.
  (use "git push" to publish your local commits)

Administrator@RSK-PC MINGW64 /e/workPlace (chatV1)
$ git pull
Already up to date.

Administrator@RSK-PC MINGW64 /e/workPlace (chatV1)
$ git branch chatV2

Administrator@RSK-PC MINGW64 /e/workPlace (chatV1)
$ git checkout chatV2
Switched to branch 'chatV2'

Administrator@RSK-PC MINGW64 /e/workPlace (chatV2)
$ git pull
There is no tracking information for the current branch.
Please specify which branch you want to merge with.
See git-pull(1) for details.

    git pull <remote> <branch>

If you wish to set tracking information for this branch you can do so with:

    git branch --set-upstream-to=origin/<branch> chatV2


Administrator@RSK-PC MINGW64 /e/workPlace (chatV2)
$ git branch --set-upstream-to=origin/chatV1 chatV2
Branch 'chatV2' set up to track remote branch 'chatV1' from 'origin'.

Administrator@RSK-PC MINGW64 /e/workPlace (chatV2)
$ git pull
Already up to date.

Administrator@RSK-PC MINGW64 /e/workPlace (chatV2)
$ git status
On branch chatV2
Your branch is up to date with 'origin/chatV1'.

Changes not staged for commit:
  (use "git add <file>..." to update what will be committed)
  (use "git checkout -- <file>..." to discard changes in working directory)

        modified:   README.md

no changes added to commit (use "git add" and/or "git commit -a")

Administrator@RSK-PC MINGW64 /e/workPlace (chatV2)
$ git log --stat
commit a96a61f8265951f05d60aebdd4c0fc1ab8a06b05 (HEAD -> chatV2, origin/chatV1, master, chatV1)
Author: santhosh kumar <santhosh.your@gmail.com>
Date:   Thu Jun 6 22:41:53 2019 +0530

    commit from branch

 README.md | 1 +
 1 file changed, 1 insertion(+)

commit e4ae6d5d08be636faff28b0eb295fc150290fe6a (origin/master, origin/HEAD)
Author: santhosh kumar s <santhosh.your@gmail.com>
Date:   Thu Jun 6 22:38:46 2019 +0530

    Update README.md


 README.md | 1 +
 1 file changed, 1 insertion(+)

commit a8efe2eaf1abeec287d1ada6a9724398ecea9b70 (list)
Author: santhosh kumar <santhosh.your@gmail.com>
Date:   Thu Jun 6 22:34:07 2019 +0530

    first commit

 chat | 1 +
 1 file changed, 1 insertion(+)

commit c0b8dee7a1c3c843e571524393ed941b18a8bb87
Author: santhosh kumar s <santhosh.your@gmail.com>
Date:   Thu Jun 6 22:28:14 2019 +0530

    Initial commit

 README.md | 2 ++
 1 file changed, 2 insertions(+)

Administrator@RSK-PC MINGW64 /e/workPlace (chatV2)
$
